Vocab size: 8,192
Model config: {'sequence_len': 2048, 'vocab_size': 8192, 'n_layer': 8, 'n_head': 4, 'n_kv_head': 4, 'n_embd': 512, 'window_pattern': 'SSSL'}
Parameter counts:
  wte                     : 4,194,304
  value_embeds            : 16,777,216
  lm_head                 : 4,194,304
  transformer_matrices    : 25,166,336
  scalars                 : 16
  total                   : 50,332,176
Estimated FLOPs per token: 2.390784e+08
Scaling AdamW LRs by 1/sqrt(512/768) = 1.224745
Time budget: 300s
Gradient accumulation steps: 32
Traceback (most recent call last):
  File "/Users/etc/Projects/WorkTIF/stdio-Bus/external_enhancements/autoresearch/train_mps.py", line 570, in <module>
    optimizer.step()
  File "/Users/etc/Projects/WorkTIF/stdio-Bus/external_enhancements/autoresearch/.venv/lib/python3.10/site-packages/torch/optim/optimizer.py", line 526, in wrapper
    out = func(*args, **kwargs)
  File "/Users/etc/Projects/WorkTIF/stdio-Bus/external_enhancements/autoresearch/.venv/lib/python3.10/site-packages/torch/utils/_contextlib.py", line 124, in decorate_context
    return func(*args, **kwargs)
  File "/Users/etc/Projects/WorkTIF/stdio-Bus/external_enhancements/autoresearch/train_mps.py", line 429, in step
    self._step_adamw(group)
  File "/Users/etc/Projects/WorkTIF/stdio-Bus/external_enhancements/autoresearch/train_mps.py", line 395, in _step_adamw
    adamw_step_fused(p, grad, state['exp_avg'], state['exp_avg_sq'],
  File "/Users/etc/Projects/WorkTIF/stdio-Bus/external_enhancements/autoresearch/train_mps.py", line 313, in adamw_step_fused
    exp_avg.lerp_(grad, 1 - beta1_t)
RuntimeError: Tensor for argument #3 'weight' is on CPU, but expected it to be on GPU (while checking arguments for impl)
