[2026-03-10T22:00:37.300Z] [INFO] Starting swarm coordinator {"gpuIds":[0],"poolCount":1}
[2026-03-10T22:00:37.302Z] [INFO] Spawning worker {"agentId":"agent-0","gpuId":0}
[2026-03-10T22:00:37.304Z] [INFO] Received SIGTERM, initiating shutdown
[2026-03-10T22:00:37.304Z] [INFO] Stopping swarm coordinator
[2026-03-10T22:00:37.305Z] [INFO] Swarm coordinator stopped
[2026-03-10T22:01:51.869Z] [INFO] Starting swarm coordinator {"gpuIds":[0],"poolCount":1}
[2026-03-10T22:01:51.871Z] [INFO] Spawning worker {"agentId":"agent-0","gpuId":0}
[2026-03-10T22:01:51.877Z] [ERROR] Failed to spawn worker {"agentId":"agent-0","gpuId":0,"error":"GPU 0 is not available"}
[2026-03-10T22:01:51.943Z] [INFO] Starting swarm coordinator {"gpuIds":[0],"poolCount":1}
[2026-03-10T22:01:51.946Z] [INFO] Spawning worker {"agentId":"agent-0","gpuId":0}
[2026-03-10T22:01:51.952Z] [ERROR] Failed to spawn worker {"agentId":"agent-0","gpuId":0,"error":"GPU 0 is not available"}
[2026-03-10T22:01:52.009Z] [INFO] Starting swarm coordinator {"gpuIds":[0],"poolCount":1}
[2026-03-10T22:01:52.012Z] [INFO] Spawning worker {"agentId":"agent-0","gpuId":0}
[2026-03-10T22:01:52.019Z] [ERROR] Failed to spawn worker {"agentId":"agent-0","gpuId":0,"error":"GPU 0 is not available"}
[2026-03-10T22:01:52.076Z] [INFO] Starting swarm coordinator {"gpuIds":[0],"poolCount":1}
[2026-03-10T22:01:52.079Z] [INFO] Spawning worker {"agentId":"agent-0","gpuId":0}
[2026-03-10T22:01:52.085Z] [ERROR] Failed to spawn worker {"agentId":"agent-0","gpuId":0,"error":"GPU 0 is not available"}
[2026-03-10T22:01:52.142Z] [INFO] Starting swarm coordinator {"gpuIds":[0],"poolCount":1}
[2026-03-10T22:01:52.145Z] [INFO] Spawning worker {"agentId":"agent-0","gpuId":0}
[2026-03-10T22:01:52.153Z] [ERROR] Failed to spawn worker {"agentId":"agent-0","gpuId":0,"error":"GPU 0 is not available"}
[2026-03-10T22:01:52.212Z] [INFO] Starting swarm coordinator {"gpuIds":[0],"poolCount":1}
[2026-03-10T22:01:52.214Z] [INFO] Spawning worker {"agentId":"agent-0","gpuId":0}
[2026-03-10T22:01:52.221Z] [ERROR] Failed to spawn worker {"agentId":"agent-0","gpuId":0,"error":"GPU 0 is not available"}
[2026-03-10T22:03:10.098Z] [INFO] Starting swarm coordinator {"gpuIds":[0],"poolCount":1}
[2026-03-10T22:03:10.100Z] [INFO] Spawning worker {"agentId":"agent-0","gpuId":0}
[2026-03-10T22:03:10.106Z] [ERROR] Failed to spawn worker {"agentId":"agent-0","gpuId":0,"error":"GPU 0 is not available"}
[2026-03-10T22:03:10.188Z] [INFO] Starting swarm coordinator {"gpuIds":[0],"poolCount":1}
[2026-03-10T22:03:10.192Z] [INFO] Spawning worker {"agentId":"agent-0","gpuId":0}
[2026-03-10T22:03:10.201Z] [ERROR] Failed to spawn worker {"agentId":"agent-0","gpuId":0,"error":"GPU 0 is not available"}
[2026-03-10T22:03:10.261Z] [INFO] Starting swarm coordinator {"gpuIds":[0],"poolCount":1}
[2026-03-10T22:03:10.264Z] [INFO] Spawning worker {"agentId":"agent-0","gpuId":0}
[2026-03-10T22:03:10.270Z] [ERROR] Failed to spawn worker {"agentId":"agent-0","gpuId":0,"error":"GPU 0 is not available"}
[2026-03-10T22:03:10.329Z] [INFO] Starting swarm coordinator {"gpuIds":[0],"poolCount":1}
[2026-03-10T22:03:10.332Z] [INFO] Spawning worker {"agentId":"agent-0","gpuId":0}
[2026-03-10T22:03:10.338Z] [ERROR] Failed to spawn worker {"agentId":"agent-0","gpuId":0,"error":"GPU 0 is not available"}
[2026-03-10T22:03:10.397Z] [INFO] Starting swarm coordinator {"gpuIds":[0],"poolCount":1}
[2026-03-10T22:03:10.399Z] [INFO] Spawning worker {"agentId":"agent-0","gpuId":0}
[2026-03-10T22:03:10.406Z] [ERROR] Failed to spawn worker {"agentId":"agent-0","gpuId":0,"error":"GPU 0 is not available"}
[2026-03-10T22:03:10.471Z] [INFO] Starting swarm coordinator {"gpuIds":[0],"poolCount":1}
[2026-03-10T22:03:10.475Z] [INFO] Spawning worker {"agentId":"agent-0","gpuId":0}
[2026-03-10T22:03:10.483Z] [ERROR] Failed to spawn worker {"agentId":"agent-0","gpuId":0,"error":"GPU 0 is not available"}
[2026-03-10T22:12:58.020Z] [INFO] Starting swarm coordinator {"gpuIds":[0],"poolCount":1}
[2026-03-10T22:12:58.032Z] [INFO] Spawning worker {"agentId":"agent-0","gpuId":0}
[2026-03-10T22:12:58.056Z] [ERROR] Failed to spawn worker {"agentId":"agent-0","gpuId":0,"error":"GPU 0 is not available"}
[2026-03-10T22:12:58.156Z] [INFO] Starting swarm coordinator {"gpuIds":[0],"poolCount":1}
[2026-03-10T22:12:58.165Z] [INFO] Spawning worker {"agentId":"agent-0","gpuId":0}
[2026-03-10T22:12:58.233Z] [ERROR] Failed to spawn worker {"agentId":"agent-0","gpuId":0,"error":"GPU 0 is not available"}
[2026-03-10T22:12:58.312Z] [INFO] Starting swarm coordinator {"gpuIds":[0],"poolCount":1}
[2026-03-10T22:12:58.316Z] [INFO] Spawning worker {"agentId":"agent-0","gpuId":0}
[2026-03-10T22:12:58.323Z] [ERROR] Failed to spawn worker {"agentId":"agent-0","gpuId":0,"error":"GPU 0 is not available"}
[2026-03-10T22:12:58.384Z] [INFO] Starting swarm coordinator {"gpuIds":[0],"poolCount":1}
[2026-03-10T22:12:58.387Z] [INFO] Spawning worker {"agentId":"agent-0","gpuId":0}
[2026-03-10T22:12:58.394Z] [ERROR] Failed to spawn worker {"agentId":"agent-0","gpuId":0,"error":"GPU 0 is not available"}
[2026-03-10T22:12:58.458Z] [INFO] Starting swarm coordinator {"gpuIds":[0],"poolCount":1}
[2026-03-10T22:12:58.461Z] [INFO] Spawning worker {"agentId":"agent-0","gpuId":0}
[2026-03-10T22:12:58.468Z] [ERROR] Failed to spawn worker {"agentId":"agent-0","gpuId":0,"error":"GPU 0 is not available"}
[2026-03-10T22:12:58.527Z] [INFO] Starting swarm coordinator {"gpuIds":[0],"poolCount":1}
[2026-03-10T22:12:58.529Z] [INFO] Spawning worker {"agentId":"agent-0","gpuId":0}
[2026-03-10T22:12:58.536Z] [ERROR] Failed to spawn worker {"agentId":"agent-0","gpuId":0,"error":"GPU 0 is not available"}
[2026-03-10T22:13:24.111Z] [INFO] Starting swarm coordinator {"gpuIds":[0],"poolCount":1}
[2026-03-10T22:13:24.130Z] [INFO] Spawning worker {"agentId":"agent-0","gpuId":0}
[2026-03-10T22:13:25.479Z] [INFO] Swarm coordinator started {"activeWorkers":1}
[2026-03-10T22:13:29.363Z] [INFO] Received SIGTERM, initiating shutdown
[2026-03-10T22:13:29.363Z] [INFO] Stopping swarm coordinator
[2026-03-10T22:13:29.366Z] [INFO] Swarm coordinator stopped
[2026-03-10T22:15:15.116Z] [INFO] Starting swarm coordinator {"gpuIds":[0],"poolCount":1}
[2026-03-10T22:15:15.120Z] [INFO] Spawning worker {"agentId":"agent-0","gpuId":0}
[2026-03-10T22:15:16.515Z] [INFO] Swarm coordinator started {"activeWorkers":1}
[2026-03-10T22:15:58.899Z] [INFO] Received SIGINT, initiating shutdown
[2026-03-10T22:15:58.902Z] [INFO] Stopping swarm coordinator
[2026-03-10T22:15:58.909Z] [INFO] Swarm coordinator stopped
